// Jest Snapshot v1, https://goo.gl/fbAQLP

exports[`Error component should render Error component 1`] = `
<styled.div>
  <styled.h1>
    404 - Not Found!
  </styled.h1>
  <Button
    color="green"
    onClick={[Function]}
    text="Go home"
    type="button"
  />
</styled.div>
`;
