// Jest Snapshot v1, https://goo.gl/fbAQLP

exports[`ListNotes component should render ListNotes component 1`] = `
<styled.ul>
  <NoteComponent
    addSelectedNote={[Function]}
    key="b83cbac2-d74e-458d-85c0-75bdf9c29ba3"
    navigateToPage={[Function]}
    note={
      Object {
        "created_at": 1632734670806,
        "id": "b83cbac2-d74e-458d-85c0-75bdf9c29ba3",
        "text": "An army, ground force, or land force is a fighting force that fights primarily on land.",
        "title": "Army",
        "updated_at": 1632735522467,
      }
    }
    removeUnselectedNote={[Function]}
    selectedNotes={
      Array [
        "b83cbac2-d74e-458d-85c0-75bdf9c29ba3",
      ]
    }
  />
</styled.ul>
`;
