// Jest Snapshot v1, https://goo.gl/fbAQLP

exports[`Button component should render green Button component 1`] = `
<styled.button
  color="#00AB00"
  disabled={false}
  onClick={[Function]}
  type="button"
>
  Go home
</styled.button>
`;
