// Jest Snapshot v1, https://goo.gl/fbAQLP

exports[`Loader component should render Loader component 1`] = `
<styled.div>
  <styled.div>
    <img
      alt="Loading..."
      height={75}
      src={null}
      width={75}
    />
    <styled.p>
      Loading...
    </styled.p>
  </styled.div>
</styled.div>
`;
